// Jest Snapshot v1, https://goo.gl/fbAQLP

exports[`<App /> Renderer with snapshot & renderer 1`] = `
<div
  className="App"
>
  <form
    className="form"
    onSubmit={[Function]}
  >
    <input
      onChange={[Function]}
      placeholder="Search for a Gif"
      type="text"
      value=""
    />
    <button
      type="submit"
    >
      search
    </button>
  </form>
  <div />
</div>
`;
