// Jest Snapshot v1, https://goo.gl/fbAQLP

exports[`<Gifs /> Mocking with snapshot & renderer 1`] = `
<div>
  <form
    onSubmit={[Function]}
  >
    <input
      onChange={[Function]}
      placeholder="Search for a Gif"
      type="text"
      value=""
    />
    <button
      type="submit"
    >
      search
    </button>
  </form>
  <div />
</div>
`;

exports[`<Gifs /> with snapshot & renderer 1`] = `
<div>
  <form
    onSubmit={[Function]}
  >
    <input
      onChange={[Function]}
      placeholder="Search for a Gif"
      type="text"
      value=""
    />
    <button
      type="submit"
    >
      search
    </button>
  </form>
  <div />
</div>
`;
